
> duty-decoder@0.1.0 build
> next build

   Γû▓ Next.js 15.5.12
   - Environments: .env.local

   Creating an optimized production build ...
 Γ£ô Compiled successfully in 24.0s
   Linting and checking validity of types ...
node.exe : Failed to 
compile.
At line:1 char:1
+ & "C:\Program Files\
nodejs/node.exe" 
"C:\Program 
Files\nodejs/node_mo 
...
+ ~~~~~~~~~~~~~~~~~~~~
~~~~~~~~~~~~~~~~~~~~~~
~~~~~~~~~~~~~~~~~~~~~~
~~~~~
    + CategoryInfo    
          : NotSpeci  
  fied: (Failed to    
 compile.:String)     
[], RemoteExcepti    
on
    + FullyQualifiedE 
   rrorId : NativeCo  
  mmandError
 

./src/app/[country-slu
g]/customs-clearance/p
age.tsx:19:57
Type error: Cannot 
find name 'dir'.

[0m [90m 17 |[39m  
   [36mconst[39m 
pageData [33m=[39m d
ata[33m?[39m[33m.[
39mclearance_page 
[36mas[39m 
any[33m;[39m
 [90m 18 |[39m
[31m[1m>[22m[39m[
90m 19 |[39m     
[36mconst[39m title 
[33m=[39m pageData[
33m?[39m[33m.[39mti
tle [33m||[39m 
[32m`${country.name} 
${dir.replace(/-/g, ' 
')}`[39m[33m;[39m
 [90m    |[39m      
                      
                      
       
[31m[1m^[22m[39m
 [90m 20 |[39m     
[36mconst[39m 
description 
[33m=[39m pageData[
33m?[39m[33m.[39mme
ta_description 
[33m||[39m 
[32m`Comprehensive 
${dir.replace(/-/g, ' 
')} guide for ${countr
y.name}.`[39m[33m;[
39m
 [90m 21 |[39m
 [90m 22 |[39m     
[36mreturn[39m {[0m
Next.js build worker 
exited with code: 1 
and signal: null
